// Jest Snapshot v1, https://goo.gl/fbAQLP

exports[`<Scanner /> matches snapshot 1`] = `
<div>
  <div
    class="viewport"
    id="interactive"
  />
</div>
`;
