// Jest Snapshot v1, https://goo.gl/fbAQLP

exports[`<Profile /> matches snapshot 1`] = `
<div>
  <div
    class="MuiPaper-root MuiPaper-elevation1 WithStyles(ForwardRef(Paper))-root-1 MuiPaper-rounded"
  >
    <div
      class="makeStyles-heading-29"
      data-testid="loading-header"
    >
      <h5
        class="MuiTypography-root MuiTypography-h5 MuiTypography-colorInherit"
      >
        User Profile
      </h5>
      <div
        class="MuiCircularProgress-root makeStyles-loader-30 MuiCircularProgress-colorPrimary MuiCircularProgress-indeterminate"
        role="progressbar"
        style="width: 40px; height: 40px;"
      >
        <svg
          class="MuiCircularProgress-svg"
          viewBox="22 22 44 44"
        >
          <circle
            class="MuiCircularProgress-circle MuiCircularProgress-circleIndeterminate"
            cx="44"
            cy="44"
            fill="none"
            r="20.2"
            stroke-width="3.6"
          />
        </svg>
      </div>
    </div>
  </div>
</div>
`;
