// Jest Snapshot v1, https://goo.gl/fbAQLP

exports[`<Nav /> renders 1`] = `ShallowWrapper {}`;
