// Jest Snapshot v1, https://goo.gl/fbAQLP

exports[`Nav matches snapshot 1`] = `
<div>
  <div
    class="makeStyles-root-1"
  >
    <header
      class="MuiPaper-root MuiPaper-elevation4 MuiAppBar-root MuiAppBar-positionFixed MuiAppBar-colorPrimary mui-fixed"
    >
      <div
        class="MuiToolbar-root MuiToolbar-regular MuiToolbar-gutters"
      >
        <button
          aria-label="Menu"
          class="MuiButtonBase-root MuiIconButton-root MuiIconButton-colorInherit"
          data-testid="open-drawer-button"
          tabindex="0"
          type="button"
        >
          <span
            class="MuiIconButton-label"
          >
            <svg
              aria-hidden="true"
              class="MuiSvgIcon-root"
              focusable="false"
              role="presentation"
              viewBox="0 0 24 24"
            >
              <path
                d="M3 18h18v-2H3v2zm0-5h18v-2H3v2zm0-7v2h18V6H3z"
              />
            </svg>
          </span>
          <span
            class="MuiTouchRipple-root"
          />
        </button>
        <h6
          class="MuiTypography-root makeStyles-grow-2 MuiTypography-h6 MuiTypography-colorInherit"
        >
          Instrument Inventory
        </h6>
        <a
          class="makeStyles-cleanLink-4"
          href="/login"
        >
          <button
            class="MuiButtonBase-root MuiButton-root makeStyles-barText-3 MuiButton-text MuiButton-colorInherit"
            data-testid="login-button"
            tabindex="0"
            type="button"
          >
            <span
              class="MuiButton-label"
            >
              Login
            </span>
            <span
              class="MuiTouchRipple-root"
            />
          </button>
        </a>
      </div>
    </header>
  </div>
  <div
    class="MuiToolbar-root MuiToolbar-regular MuiToolbar-gutters"
  />
  <div
    class="PrivateSwipeArea-root-135 PrivateSwipeArea-anchorLeft-136"
    style="width: 20px;"
  />
</div>
`;

exports[`NavItemInternal matches snapshot 1`] = `
<div>
  <li
    aria-disabled="false"
    class="MuiButtonBase-root MuiListItem-root MuiListItem-gutters MuiListItem-button"
    data-testid="item"
    role="button"
    tabindex="0"
  >
    <div
      class="MuiListItemText-root"
    >
      <span
        class="MuiTypography-root MuiListItemText-primary MuiTypography-body1"
      >
        test
      </span>
    </div>
    <span
      class="MuiTouchRipple-root"
    />
  </li>
</div>
`;
