// Jest Snapshot v1, https://goo.gl/fbAQLP

exports[`<TooltipIconButton /> matches snapshot 1`] = `
<div>
  <button
    class="MuiButtonBase-root MuiIconButton-root"
    data-testid="tooltip"
    tabindex="0"
    title="Add Test"
    type="button"
  >
    <span
      class="MuiIconButton-label"
    >
      <svg
        aria-hidden="true"
        class="MuiSvgIcon-root"
        focusable="false"
        role="presentation"
        viewBox="0 0 24 24"
      >
        <path
          d="M19 13h-6v6h-2v-6H5v-2h6V5h2v6h6v2z"
        />
      </svg>
      <span
        class="MuiTypography-root MuiTypography-srOnly"
        data-testid="sr-text"
      >
        Add Test
      </span>
    </span>
    <span
      class="MuiTouchRipple-root"
    />
  </button>
</div>
`;
