// Jest Snapshot v1, https://goo.gl/fbAQLP

exports[`<RootPaper /> matches snapshot 1`] = `
<div>
  <div
    class="MuiPaper-root MuiPaper-elevation1 MuiPaper-rounded WithStyles(ForwardRef(Paper))-root-1"
  />
</div>
`;
